// Jest Snapshot v1, https://jestjs.io/docs/snapshot-testing

exports[`Sider Component matches snapshot 1`] = `
<DocumentFragment>
  <div
    data-testid="rounder-box"
    style="position: sticky; top: 15px; background-color: white; width: 200px; text-align: center; padding-top: 50px; flex-shrink: 0; display: none,inline-block,inline-block,inline-block,inline-block; height: calc(100vh - 210px);"
  >
    <div
      class="css-0"
    >
      <div
        class="active"
        data-testid="menu-item-我的"
      >
        我的
      </div>
      <div
        class=""
        data-testid="menu-item-Home"
      >
        Home
      </div>
      <div
        class=""
        data-testid="menu-item-About"
      >
        About
      </div>
      <div
        class=""
        data-testid="menu-item-Contact"
      >
        Contact
      </div>
    </div>
  </div>
</DocumentFragment>
`;
